[10:13:19] INFO  - XacMinh Server da duoc mo thanh cong!
[10:19:29] INFO  - Xac Minh Server da thoat!
[10:21:24] INFO  - XacMinh Server da duoc mo thanh cong!
[11:11:45] INFO  - XacMinh Server - By Nesfan
[11:11:45] INFO  - XacMinh Server da duoc mo thanh cong!
[11:12:57] INFO  - XacMinh Server - By Nesfan
[11:12:57] INFO  - XacMinh Server da duoc mo thanh cong!
[00:25:59] INFO  - XacMinh Server - By Nesfan
[00:25:59] INFO  - XacMinh Server da duoc mo thanh cong!
[00:34:20] INFO  - Xu li xac minh player Tester...
[00:34:20] WARN  - Player Tester chua dang nhap vao server!
[00:34:34] INFO  - Xu li xac minh player Tester...
[00:34:34] INFO  - Player Tester xac minh thanh cong! (OptiFine 1.13.2)
[00:35:55] INFO  - Xu li xac minh player Tester...
[00:35:55] INFO  - Player Tester xac minh thanh cong! (OptiFine 1.13.2)
[00:38:22] INFO  - Xac Minh Server da thoat!
[00:38:31] INFO  - XacMinh Server - By Nesfan
[00:38:31] INFO  - XacMinh Server da duoc mo thanh cong!
[00:40:28] INFO  - XacMinh Server - By Nesfan
[00:40:28] INFO  - XacMinh Server da duoc mo thanh cong!
[00:41:22] INFO  - Xu li xac minh player Tester...
[00:41:23] INFO  - Player Tester xac minh thanh cong! (OptiFine 1.13.2)
[00:52:04] INFO  - Xac Minh Server da thoat!
[00:52:26] INFO  - XacMinh Server - By Nesfan
[00:52:26] INFO  - XacMinh Server da duoc mo thanh cong!
[09:10:29] INFO  - XacMinh Server - By Nesfan
[09:10:29] INFO  - XacMinh Server da duoc mo thanh cong!
[09:12:24] INFO  - Xu li xac minh player Tester...
[09:12:24] INFO  - Player Tester xac minh thanh cong! (OptiFine 1.13.2)
[09:13:51] INFO  - Xu li xac minh player Tester...
[09:13:51] WARN  - Player Tester su dung hack!
[09:21:02] INFO  - Xu li xac minh player Tester...
[09:21:02] INFO  - Player Tester xac minh thanh cong! (OptiFine 1.14.4)
[09:27:38] INFO  - Xac Minh Server da thoat!
[13:28:53] INFO  - XacMinh Server - By Nesfan
[13:28:53] INFO  - XacMinh Server da duoc mo thanh cong!
[14:57:39] INFO  - XacMinh Server - By Nesfan
[14:57:39] INFO  - XacMinh Server da duoc mo thanh cong!
[15:02:32] INFO  - XacMinh Server - By Nesfan
[15:02:32] INFO  - XacMinh Server da duoc mo thanh cong!
[15:02:32] INFO  - Xac Minh Server da thoat!
[19:50:04] INFO  - XacMinh Server - By Nesfan
[19:50:04] INFO  - XacMinh Server da duoc mo thanh cong!
[19:50:04] INFO  - Xac Minh Server da thoat!
[00:14:26] INFO  - XacMinh Server - By Nesfan
[00:14:26] INFO  - XacMinh Server da duoc mo thanh cong!
[00:14:26] INFO  - Xac Minh Server da thoat!
[00:15:44] INFO  - XacMinh Server - By Nesfan
[00:15:44] INFO  - XacMinh Server da duoc mo thanh cong!
[00:15:44] INFO  - Xac Minh Server da thoat!
[00:15:50] INFO  - XacMinh Server - By Nesfan
[00:15:50] INFO  - XacMinh Server da duoc mo thanh cong!
[00:15:50] INFO  - Xac Minh Server da thoat!
[00:16:36] INFO  - XacMinh Server - By Nesfan
[00:16:36] INFO  - XacMinh Server da duoc mo thanh cong!
[00:16:36] INFO  - Xac Minh Server da thoat!
[00:17:47] INFO  - XacMinh Server - By Nesfan
[00:17:47] INFO  - XacMinh Server da duoc mo thanh cong!
[00:17:48] INFO  - Xac Minh Server da thoat!
[00:18:55] INFO  - XacMinh Server - By Nesfan
[00:18:55] INFO  - XacMinh Server da duoc mo thanh cong!
[00:18:55] INFO  - Xac Minh Server da thoat!
[00:20:06] INFO  - XacMinh Server - By Nesfan
[00:20:06] INFO  - XacMinh Server da duoc mo thanh cong!
[00:20:07] INFO  - Xac Minh Server da thoat!
[00:23:21] INFO  - XacMinh Server - By Nesfan
[00:23:21] INFO  - XacMinh Server da duoc mo thanh cong!
[00:23:21] INFO  - Xac Minh Server da thoat!
[00:24:51] INFO  - XacMinh Server - By Nesfan
[00:24:52] INFO  - XacMinh Server da duoc mo thanh cong!
[00:24:52] INFO  - Xac Minh Server da thoat!
[00:25:26] INFO  - XacMinh Server - By Nesfan
[00:25:26] INFO  - XacMinh Server da duoc mo thanh cong!
[00:25:26] INFO  - Xac Minh Server da thoat!
[00:25:47] INFO  - XacMinh Server - By Nesfan
[00:25:47] INFO  - XacMinh Server da duoc mo thanh cong!
[00:25:47] INFO  - Xac Minh Server da thoat!
[00:25:56] INFO  - XacMinh Server - By Nesfan
[00:25:56] INFO  - XacMinh Server da duoc mo thanh cong!
[00:25:56] INFO  - Xac Minh Server da thoat!
[00:31:09] INFO  - XacMinh Server - By Nesfan
[00:31:09] INFO  - XacMinh Server da duoc mo thanh cong!
[00:31:09] INFO  - Xac Minh Server da thoat!
